05:39:39  === Korpus-Nachdruck: Begleitung ===
05:39:41  RUNNING Schicht 0/483 0%
05:46:44  RUNNING Schicht 1/483 2%
05:49:34  RUNNING Schicht 2/483 3%
05:50:59  RUNNING Schicht 3/483 4%
05:51:01    Belegbild Schicht 3
05:51:43  RUNNING Schicht 4/483 4%
05:52:26  RUNNING Schicht 5/483 5%
05:53:08  RUNNING Schicht 6/483 5%
05:53:50  RUNNING Schicht 7/483 5%
05:54:33  RUNNING Schicht 9/483 6%
05:55:15  RUNNING Schicht 10/483 6%
05:55:57  RUNNING Schicht 12/483 6%
05:56:40  RUNNING Schicht 13/483 7%
05:57:22  RUNNING Schicht 14/483 7%
05:58:05  RUNNING Schicht 15/483 7%
05:58:47  RUNNING Schicht 16/483 7%
05:59:29  RUNNING Schicht 17/483 8%
06:00:11  RUNNING Schicht 18/483 8%
06:00:53  RUNNING Schicht 19/483 8%
06:01:35  RUNNING Schicht 20/483 9%
06:01:38    Belegbild Schicht 20
06:03:02  RUNNING Schicht 21/483 9%
06:04:26  RUNNING Schicht 22/483 10%
06:05:09  RUNNING Schicht 23/483 10%
06:06:33  RUNNING Schicht 24/483 11%
06:07:57  RUNNING Schicht 25/483 11%
06:09:22  RUNNING Schicht 26/483 12%
06:10:04  RUNNING Schicht 28/483 12%
06:10:47  RUNNING Schicht 29/483 12%
06:11:29  RUNNING Schicht 30/483 13%
06:12:11  RUNNING Schicht 31/483 13%
06:12:53  RUNNING Schicht 32/483 13%
06:13:35  RUNNING Schicht 33/483 13%
06:14:17  RUNNING Schicht 35/483 14%
06:15:00  RUNNING Schicht 36/483 14%
06:15:42  RUNNING Schicht 37/483 14%
06:16:24  RUNNING Schicht 38/483 15%
06:17:06  RUNNING Schicht 39/483 15%
06:17:49  RUNNING Schicht 40/483 15%
06:18:31  RUNNING Schicht 41/483 16%
06:19:13  RUNNING Schicht 42/483 16%
06:19:55  RUNNING Schicht 43/483 16%
06:20:37  RUNNING Schicht 44/483 16%
06:21:20  RUNNING Schicht 46/483 17%
06:22:02  RUNNING Schicht 47/483 17%
06:22:44  RUNNING Schicht 48/483 17%
06:23:27  RUNNING Schicht 49/483 18%
06:24:09  RUNNING Schicht 50/483 18%
06:24:53  RUNNING Schicht 51/483 18%
06:25:35  RUNNING Schicht 52/483 18%
06:26:17  RUNNING Schicht 53/483 19%
06:27:00  RUNNING Schicht 54/483 19%
06:27:42  RUNNING Schicht 55/483 19%
06:29:41  RUNNING Schicht 59/483 20%
06:30:23  RUNNING Schicht 60/483 20%
06:30:24    Belegbild Schicht 60
06:31:06  RUNNING Schicht 61/483 21%
06:31:48  RUNNING Schicht 62/483 21%
06:32:30  RUNNING Schicht 63/483 21%
06:33:12  RUNNING Schicht 65/483 22%
06:33:55  RUNNING Schicht 66/483 22%
06:34:37  RUNNING Schicht 67/483 22%
06:35:19  RUNNING Schicht 68/483 22%
06:36:01  RUNNING Schicht 69/483 23%
06:36:43  RUNNING Schicht 70/483 23%
06:37:25  RUNNING Schicht 72/483 23%
06:38:07  RUNNING Schicht 73/483 24%
06:38:49  RUNNING Schicht 74/483 24%
06:39:32  RUNNING Schicht 75/483 24%
06:40:14  RUNNING Schicht 77/483 25%
06:40:56  RUNNING Schicht 78/483 25%
06:41:39  RUNNING Schicht 79/483 25%
06:42:21  RUNNING Schicht 80/483 25%
06:43:03  RUNNING Schicht 82/483 26%
06:43:46  RUNNING Schicht 84/483 26%
06:44:28  RUNNING Schicht 86/483 26%
06:45:10  RUNNING Schicht 88/483 27%
06:45:52  RUNNING Schicht 89/483 27%
06:46:34  RUNNING Schicht 91/483 27%
06:47:16  RUNNING Schicht 93/483 27%
06:47:59  RUNNING Schicht 95/483 28%
06:48:41  RUNNING Schicht 96/483 28%
06:49:23  RUNNING Schicht 98/483 28%
06:50:06  RUNNING Schicht 99/483 29%
06:50:48  RUNNING Schicht 100/483 29%
06:51:31  RUNNING Schicht 102/483 29%
06:52:13  RUNNING Schicht 103/483 29%
06:52:55  RUNNING Schicht 105/483 30%
06:53:37  RUNNING Schicht 106/483 30%
06:54:29  RUNNING Schicht 108/483 30%
06:55:12  RUNNING Schicht 109/483 31%
06:55:54  RUNNING Schicht 111/483 31%
06:56:36  RUNNING Schicht 112/483 31%
06:57:18  RUNNING Schicht 114/483 32%
06:58:01  RUNNING Schicht 115/483 32%
06:58:43  RUNNING Schicht 117/483 32%
06:59:25  RUNNING Schicht 119/483 32%
07:00:08  RUNNING Schicht 121/483 33%
07:00:50  RUNNING Schicht 123/483 33%
07:01:32  RUNNING Schicht 125/483 33%
07:02:14  RUNNING Schicht 127/483 34%
07:02:56  RUNNING Schicht 128/483 34%
07:03:38  RUNNING Schicht 130/483 34%
07:04:31  RUNNING Schicht 132/483 35%
07:05:13  RUNNING Schicht 134/483 35%
07:05:55  RUNNING Schicht 135/483 35%
07:06:37  RUNNING Schicht 137/483 36%
07:07:19  RUNNING Schicht 139/483 36%
07:08:01  RUNNING Schicht 140/483 36%
07:08:43  RUNNING Schicht 142/483 36%
07:09:25  RUNNING Schicht 144/483 37%
07:10:08  RUNNING Schicht 145/483 37%
07:10:50  RUNNING Schicht 147/483 37%
07:11:32  RUNNING Schicht 149/483 38%
07:12:14  RUNNING Schicht 151/483 38%
07:12:56  RUNNING Schicht 153/483 38%
07:13:38  RUNNING Schicht 155/483 39%
07:14:21  RUNNING Schicht 157/483 39%
07:15:03  RUNNING Schicht 158/483 39%
07:15:45  RUNNING Schicht 160/483 39%
07:16:27  RUNNING Schicht 162/483 40%
07:17:09  RUNNING Schicht 163/483 40%
07:17:51  RUNNING Schicht 165/483 40%
07:18:34  RUNNING Schicht 167/483 41%
07:19:16  RUNNING Schicht 168/483 41%
07:19:59  RUNNING Schicht 170/483 41%
07:20:42  RUNNING Schicht 172/483 42%
07:21:24  RUNNING Schicht 173/483 42%
07:22:06  RUNNING Schicht 175/483 42%
07:22:49  RUNNING Schicht 177/483 42%
07:23:30  RUNNING Schicht 178/483 43%
07:24:13  RUNNING Schicht 180/483 43%
07:24:55  RUNNING Schicht 182/483 43%
07:25:37  RUNNING Schicht 184/483 44%
07:26:20  RUNNING Schicht 185/483 44%
07:27:02  RUNNING Schicht 187/483 44%
07:27:44  RUNNING Schicht 189/483 45%
07:28:26  RUNNING Schicht 191/483 45%
07:29:08  RUNNING Schicht 193/483 45%
07:30:01  RUNNING Schicht 195/483 46%
07:30:43  RUNNING Schicht 197/483 46%
07:31:25  RUNNING Schicht 198/483 46%
07:32:07  RUNNING Schicht 200/483 46%
07:32:49  RUNNING Schicht 202/483 47%
07:33:31  RUNNING Schicht 204/483 47%
07:34:14  RUNNING Schicht 206/483 47%
07:35:06  RUNNING Schicht 209/483 48%
07:35:48  RUNNING Schicht 211/483 48%
07:36:31  RUNNING Schicht 212/483 48%
07:37:13  RUNNING Schicht 214/483 49%
07:37:55  RUNNING Schicht 216/483 49%
07:38:37  RUNNING Schicht 217/483 49%
07:39:19  RUNNING Schicht 218/483 49%
07:43:21  RUNNING Schicht 225/483 51%
07:44:03  RUNNING Schicht 227/483 52%
07:44:45  RUNNING Schicht 229/483 52%
07:45:27  RUNNING Schicht 230/483 52%
07:46:09  RUNNING Schicht 232/483 53%
07:46:51  RUNNING Schicht 233/483 53%
07:47:33  RUNNING Schicht 234/483 53%
07:48:16  RUNNING Schicht 235/483 53%
07:48:57  RUNNING Schicht 236/483 54%
07:49:40  RUNNING Schicht 237/483 54%
07:50:21  RUNNING Schicht 238/483 54%
07:51:03  RUNNING Schicht 240/483 54%
07:51:46  RUNNING Schicht 241/483 55%
07:52:28  RUNNING Schicht 243/483 55%
07:53:11  RUNNING Schicht 245/483 55%
07:53:53  RUNNING Schicht 247/483 56%
07:54:35  RUNNING Schicht 249/483 56%
07:55:17  RUNNING Schicht 250/483 56%
07:55:59  RUNNING Schicht 252/483 57%
07:56:51  RUNNING Schicht 254/483 57%
07:57:33  RUNNING Schicht 256/483 57%
07:58:15  RUNNING Schicht 257/483 58%
07:58:57  RUNNING Schicht 259/483 58%
07:59:39  RUNNING Schicht 261/483 58%
08:00:21  RUNNING Schicht 262/483 59%
08:01:03  RUNNING Schicht 264/483 59%
08:01:46  RUNNING Schicht 265/483 59%
08:02:28  RUNNING Schicht 267/483 59%
08:03:10  RUNNING Schicht 269/483 60%
08:03:52  RUNNING Schicht 270/483 60%
08:04:34  RUNNING Schicht 272/483 60%
08:05:16  RUNNING Schicht 274/483 61%
08:05:59  RUNNING Schicht 276/483 61%
08:06:41  RUNNING Schicht 278/483 61%
08:07:23  RUNNING Schicht 279/483 62%
08:08:05  RUNNING Schicht 281/483 62%
08:08:47  RUNNING Schicht 283/483 62%
08:09:31  RUNNING Schicht 284/483 62%
08:10:13  RUNNING Schicht 286/483 63%
08:10:55  RUNNING Schicht 288/483 63%
08:11:38  RUNNING Schicht 289/483 63%
08:12:20  RUNNING Schicht 291/483 64%
08:13:02  RUNNING Schicht 293/483 64%
08:13:44  RUNNING Schicht 294/483 64%
08:14:26  RUNNING Schicht 296/483 65%
08:15:08  RUNNING Schicht 297/483 65%
08:15:51  RUNNING Schicht 299/483 65%
08:16:33  RUNNING Schicht 301/483 66%
08:19:50  RUNNING Schicht 310/483 67%
08:20:32  RUNNING Schicht 311/483 67%
08:21:14  RUNNING Schicht 313/483 68%
08:21:57  RUNNING Schicht 314/483 68%
08:22:39  RUNNING Schicht 316/483 68%
08:23:21  RUNNING Schicht 318/483 68%
08:24:03  RUNNING Schicht 319/483 69%
08:24:46  RUNNING Schicht 321/483 69%
08:25:28  RUNNING Schicht 322/483 69%
08:26:10  RUNNING Schicht 324/483 70%
08:26:52  RUNNING Schicht 326/483 70%
08:27:34  RUNNING Schicht 327/483 70%
08:28:16  RUNNING Schicht 329/483 71%
08:28:58  RUNNING Schicht 331/483 71%
08:29:40  RUNNING Schicht 333/483 71%
08:30:24  RUNNING Schicht 335/483 71%
08:31:06  RUNNING Schicht 337/483 72%
08:31:48  RUNNING Schicht 339/483 72%
08:32:30  RUNNING Schicht 341/483 72%
08:33:12  RUNNING Schicht 343/483 73%
08:36:39  RUNNING Schicht 351/483 74%
08:37:21  RUNNING Schicht 353/483 75%
08:38:03  RUNNING Schicht 354/483 75%
08:38:45  RUNNING Schicht 356/483 75%
08:39:27  RUNNING Schicht 358/483 75%
08:40:09  RUNNING Schicht 360/483 76%
08:40:51  RUNNING Schicht 361/483 76%
08:41:33  RUNNING Schicht 363/483 76%
08:42:15  RUNNING Schicht 365/483 77%
08:42:57  RUNNING Schicht 367/483 77%
08:43:40  RUNNING Schicht 369/483 77%
08:44:22  RUNNING Schicht 371/483 77%
08:45:04  RUNNING Schicht 373/483 78%
08:50:22  RUNNING Schicht 385/483 80%
08:51:04  RUNNING Schicht 386/483 81%
08:51:46  RUNNING Schicht 388/483 81%
08:52:29  RUNNING Schicht 389/483 81%
08:53:11  RUNNING Schicht 391/483 81%
08:53:54  RUNNING Schicht 393/483 82%
08:54:36  RUNNING Schicht 395/483 82%
08:55:18  RUNNING Schicht 396/483 82%
08:56:00  RUNNING Schicht 398/483 83%
08:56:42  RUNNING Schicht 400/483 83%
08:57:24  RUNNING Schicht 401/483 83%
08:58:07  RUNNING Schicht 403/483 84%
08:58:49  RUNNING Schicht 404/483 84%
08:59:31  RUNNING Schicht 406/483 84%
09:00:13  RUNNING Schicht 407/483 85%
09:00:55  RUNNING Schicht 409/483 85%
09:02:20  RUNNING Schicht 411/483 85%
09:03:03  RUNNING Schicht 412/483 85%
09:03:45  RUNNING Schicht 414/483 86%
09:04:26  RUNNING Schicht 415/483 86%
09:05:08  RUNNING Schicht 417/483 86%
09:05:50  RUNNING Schicht 418/483 87%
09:06:33  RUNNING Schicht 420/483 87%
09:07:15  RUNNING Schicht 422/483 87%
09:07:57  RUNNING Schicht 423/483 87%
09:08:49  RUNNING Schicht 426/483 88%
09:09:31  RUNNING Schicht 427/483 88%
09:10:14  RUNNING Schicht 429/483 88%
09:10:56  RUNNING Schicht 431/483 89%
09:11:38  RUNNING Schicht 433/483 89%
09:13:03  RUNNING Schicht 434/483 89%
09:13:45  RUNNING Schicht 436/483 90%
09:14:27  RUNNING Schicht 437/483 90%
09:15:09  RUNNING Schicht 438/483 90%
09:16:34  RUNNING Schicht 439/483 90%
09:18:16  !!! HMS ['1200_8000_0002_0001'] print_error 302022672
09:19:17  !!! HMS [] print_error 302022672
09:20:19  !!! HMS [] print_error 302022672
09:21:19  !!! HMS [] print_error 302022672
09:22:21  !!! HMS [] print_error 302022672
09:23:22  !!! HMS [] print_error 302022672
09:24:23  !!! HMS [] print_error 302022672
09:25:24  !!! HMS [] print_error 302022672
09:26:25  !!! HMS [] print_error 302022672
09:27:26  !!! HMS [] print_error 302022672
09:28:28  !!! HMS [] print_error 302022672
09:29:28  !!! HMS [] print_error 302022672
09:30:30  !!! HMS [] print_error 302022672
09:31:30  !!! HMS [] print_error 302022672
09:32:32  !!! HMS [] print_error 302022672
09:33:43  !!! HMS [] print_error 302022672
09:34:44  !!! HMS [] print_error 302022672
09:35:45  !!! HMS [] print_error 302022672
09:36:46  !!! HMS [] print_error 302022672
09:37:47  !!! HMS [] print_error 302022672
09:38:48  !!! HMS [] print_error 302022672
09:39:59  !!! HMS [] print_error 302022672
09:41:01  !!! HMS [] print_error 302022672
09:42:02  !!! HMS [] print_error 302022672
09:43:03  !!! HMS [] print_error 302022672
09:44:04  !!! HMS [] print_error 302022672
09:45:05  !!! HMS [] print_error 302022672
09:46:06  !!! HMS [] print_error 302022672
09:47:30  RUNNING Schicht 440/483 90%
09:48:12  RUNNING Schicht 442/483 91%
09:48:55  RUNNING Schicht 443/483 91%
09:49:37  RUNNING Schicht 445/483 91%
09:50:19  RUNNING Schicht 447/483 92%
09:51:01  RUNNING Schicht 448/483 92%
09:51:43  RUNNING Schicht 449/483 92%
09:52:25  RUNNING Schicht 451/483 92%
09:53:08  RUNNING Schicht 453/483 92%
09:53:50  RUNNING Schicht 455/483 93%
09:54:33  RUNNING Schicht 457/483 93%
09:55:15  RUNNING Schicht 459/483 93%
09:55:58  RUNNING Schicht 460/483 94%
09:56:40  RUNNING Schicht 462/483 94%
09:57:22  RUNNING Schicht 463/483 94%
09:58:05  RUNNING Schicht 464/483 95%
09:58:47  RUNNING Schicht 465/483 95%
09:59:29  RUNNING Schicht 467/483 95%
10:00:12  RUNNING Schicht 468/483 96%
10:00:54  RUNNING Schicht 469/483 96%
10:01:36  RUNNING Schicht 470/483 96%
10:02:19  RUNNING Schicht 472/483 96%
10:03:43  RUNNING Schicht 474/483 97%
10:04:25  RUNNING Schicht 475/483 97%
10:05:08  RUNNING Schicht 477/483 97%
10:05:50  RUNNING Schicht 478/483 98%
10:06:33  RUNNING Schicht 480/483 98%
10:06:35    Belegbild Schicht 480
10:07:17  RUNNING Schicht 481/483 98%
10:07:59  RUNNING Schicht 483/483 99%
10:10:07  >>> Ende: FINISH bei Schicht 483
10:10:32  === Schluss: FINISH, korpus_nachdruck, Schicht 483/483, 100% ===
