21:14:11  === ems14a-Prototyp: Start + Begleitung ===
21:14:50  Druck gestartet: ems14a_zweifarbig
21:14:52  RUNNING Schicht 0/483 0%  s_obj=[]
21:15:21  Beurteilung: sicht_verdeckt (hoch) Die Bilder zeigen nur Druckkopf und Umgebung, das Druckbett mit den Teilen ist nicht im Si
21:23:16  RUNNING Schicht 1/483 1%  s_obj=[]
21:26:07  Beurteilung: ok (niedrig) Erste Schicht, das Bett verdeckt die Sicht fast komplett, nur wenige helle Linien erkennba
21:36:06  Beurteilung: sicht_verdeckt (mittel) Das Bett verdeckt in dieser flachen Perspektive die Druckflaeche fast vollstaendig, nur de
21:40:05  RUNNING Schicht 2/483 5%  s_obj=[]
21:46:07  Beurteilung: ok (mittel) In Schicht 2 sind nur flache, gleichmaessige Anfangsschichten am Bettrand sichtbar, keine 
21:48:31  RUNNING Schicht 3/483 7%  s_obj=[]
21:55:40  RUNNING Schicht 4/483 9%  s_obj=[]
21:56:09  Beurteilung: sicht_verdeckt (mittel) Das Bett verdeckt fast den gesamten Blick, nur Druckkopf und Bettkante sind sichtbar; die 
22:04:06  RUNNING Schicht 5/483 11%  s_obj=[]
22:06:10  Beurteilung: ok (niedrig) Nur flache erste Schichten hinter dem Druckkopf sichtbar, keine Auffaelligkeiten, aber die
22:11:46  RUNNING Schicht 6/483 13%  s_obj=[]
22:16:15  Beurteilung: sicht_verdeckt (mittel) Das Druckbett verdeckt den Blick fast vollstaendig, nur der Druckkopf ist sichtbar; die Te
22:17:52  RUNNING Schicht 7/483 15%  s_obj=[]
22:21:02  RUNNING Schicht 8/483 16%  s_obj=[]
22:24:14  RUNNING Schicht 9/483 17%  s_obj=[]
22:26:15  Beurteilung: ok (mittel) Die flachen ersten Schichten sind teilweise sichtbar und wirken gleichmaessig, kein Fadenw
22:27:04  RUNNING Schicht 10/483 17%  s_obj=[]
22:28:39  RUNNING Schicht 11/483 18%  s_obj=[8]
22:31:01  RUNNING Schicht 12/483 19%  s_obj=[8]
22:33:25  RUNNING Schicht 13/483 19%  s_obj=[8]
22:35:00  RUNNING Schicht 14/483 20%  s_obj=[8]
22:37:05  Beurteilung: ok (mittel) Die flachen weissen Teile liegen in fruehen Schichten sauber und gleichmaessig auf dem Bet
22:37:08  RUNNING Schicht 15/483 21%  s_obj=[8]
22:38:43  RUNNING Schicht 16/483 21%  s_obj=[8]
22:41:06  RUNNING Schicht 17/483 22%  s_obj=[8]
22:42:41  RUNNING Schicht 18/483 23%  s_obj=[8]
22:45:04  RUNNING Schicht 19/483 24%  s_obj=[8]
22:46:39  RUNNING Schicht 20/483 24%  s_obj=[8]
22:47:12  Beurteilung: ok (mittel) Flache Teile in fruehen Schichten sauber auf dem Bett, Duese arbeitet normal, keine Fadenb
22:52:01  RUNNING Schicht 21/483 26%  s_obj=[8]
22:55:59  RUNNING Schicht 22/483 27%  s_obj=[8]
22:57:16  Beurteilung: ok (mittel) Die flachen weissen Teile liegen bei Schicht 22 sauber und gleichmaessig auf dem Bett, kei
22:59:42  RUNNING Schicht 23/483 29%  s_obj=[8]
23:02:52  RUNNING Schicht 24/483 30%  s_obj=[8]
23:07:18  Beurteilung: ok (mittel) Die flachen weissen Teilschichten liegen sauber und gleichmaessig auf dem Bett, kein Faden
23:08:09  RUNNING Schicht 25/483 32%  s_obj=[8]
23:09:44  RUNNING Schicht 26/483 32%  s_obj=[8]
23:10:31  RUNNING Schicht 27/483 33%  s_obj=[8]
23:11:19  RUNNING Schicht 28/483 33%  s_obj=[8]
23:12:06  RUNNING Schicht 29/483 33%  s_obj=[8]
23:12:54  RUNNING Schicht 30/483 34%  s_obj=[8]
23:14:29  RUNNING Schicht 31/483 34%  s_obj=[8]
23:15:17  RUNNING Schicht 32/483 35%  s_obj=[8]
23:16:04  RUNNING Schicht 33/483 35%  s_obj=[8]
23:16:52  RUNNING Schicht 34/483 36%  s_obj=[8]
23:17:20  Beurteilung: ok (mittel) Die flachen weissen Teile liegen gleichmaessig auf dem Bett, kein Fadenwirrwarr oder loses
23:18:09  RUNNING Schicht 35/483 36%  s_obj=[8]
23:19:44  RUNNING Schicht 36/483 37%  s_obj=[8]
23:20:32  RUNNING Schicht 37/483 37%  s_obj=[8]
23:21:20  RUNNING Schicht 38/483 37%  s_obj=[8]
23:22:56  RUNNING Schicht 39/483 38%  s_obj=[8]
23:23:43  RUNNING Schicht 40/483 38%  s_obj=[8]
23:25:18  RUNNING Schicht 41/483 39%  s_obj=[8]
23:26:05  RUNNING Schicht 42/483 39%  s_obj=[8]
23:27:21  Beurteilung: ok (mittel) Die flachen weissen Teile liegen sauber und gleichmaessig auf dem Bett, kein Fadenwirrwarr
23:27:23  RUNNING Schicht 43/483 40%  s_obj=[8]
23:28:11  RUNNING Schicht 44/483 40%  s_obj=[8]
23:29:46  RUNNING Schicht 45/483 41%  s_obj=[8]
23:31:22  RUNNING Schicht 46/483 41%  s_obj=[8]
23:32:09  RUNNING Schicht 47/483 42%  s_obj=[8]
23:32:58  RUNNING Schicht 48/483 42%  s_obj=[8]
23:33:46  RUNNING Schicht 49/483 43%  s_obj=[8]
23:34:34  RUNNING Schicht 50/483 43%  s_obj=[8]
23:35:22  RUNNING Schicht 51/483 43%  s_obj=[8]
23:36:57  RUNNING Schicht 52/483 44%  s_obj=[8]
23:37:24  Beurteilung: ok (mittel) Die Teile liegen flach und gleichmaessig auf dem Bett, keine Fadenreste oder losen Teile e
23:37:26  RUNNING Schicht 53/483 44%  s_obj=[8]
23:38:13  RUNNING Schicht 54/483 45%  s_obj=[8]
23:39:00  RUNNING Schicht 55/483 45%  s_obj=[8]
23:39:47  RUNNING Schicht 58/483 46%  s_obj=[8]
23:40:34  RUNNING Schicht 61/483 46%  s_obj=[8]
23:41:21  RUNNING Schicht 65/483 47%  s_obj=[8]
23:42:09  RUNNING Schicht 70/483 48%  s_obj=[8]
23:42:56  RUNNING Schicht 75/483 49%  s_obj=[8]
23:43:44  RUNNING Schicht 80/483 50%  s_obj=[8]
23:44:31  RUNNING Schicht 86/483 51%  s_obj=[8]
23:45:19  RUNNING Schicht 93/483 52%  s_obj=[8]
23:46:06  RUNNING Schicht 97/483 53%  s_obj=[8]
23:46:54  RUNNING Schicht 101/483 53%  s_obj=[8]
23:47:42  RUNNING Schicht 112/483 55%  s_obj=[8]
23:48:09  Beurteilung: ok (mittel) Die Teile stehen flach und gleichmaessig auf dem Bett, keine Fadenwirrwarr oder losen Teil
23:48:12  RUNNING Schicht 226/483 68%  s_obj=[8]
23:48:58  RUNNING Schicht 483/483 99%  s_obj=[8]
23:49:46  >>> Ende: FINISH bei Schicht 483
23:49:56  === Schluss === FINISH, ems14a_zweifarbig, Schicht 483/483, 100% | s_obj=[8] | Skips=keine
